// Jest Snapshot v1, https://goo.gl/fbAQLP

exports[`<BillShow /> should match snapshot 1`] = `
<DocumentFragment>
  <div
    class="bill-show"
  >
    <div
      class="monnth-select-in-out"
    >
      <a
        class="ant-dropdown-link ant-dropdown-trigger"
      >
        12月 
        <span
          aria-label="down"
          class="anticon anticon-down"
          role="img"
        >
          <svg
            aria-hidden="true"
            class=""
            data-icon="down"
            fill="currentColor"
            focusable="false"
            height="1em"
            viewBox="64 64 896 896"
            width="1em"
          >
            <path
              d="M884 256h-75c-5.1 0-9.9 2.5-12.9 6.6L512 654.2 227.9 262.6c-3-4.1-7.8-6.6-12.9-6.6h-75c-6.5 0-10.3 7.4-6.5 12.7l352.6 486.1c12.8 17.6 39 17.6 51.7 0l352.6-486.1c3.9-5.3.1-12.7-6.4-12.7z"
            />
          </svg>
        </span>
      </a>
      <span
        class="ant-typography in-out"
      >
        收入总额: 
        <span
          class="ant-typography"
        >
          <code>
            ￥-10.00 
          </code>
        </span>
      </span>
      <span
        class="ant-typography in-out"
      >
        支出总额: 
        <span
          class="ant-typography"
        >
          <code>
            ￥130.00
          </code>
        </span>
      </span>
    </div>
    <div
      class="ant-table-wrapper"
    >
      <div
        class="ant-spin-nested-loading"
      >
        <div
          class="ant-spin-container"
        >
          <div
            class="ant-table ant-table-fixed-header"
          >
            <div
              class="ant-table-container"
            >
              <div
                class="ant-table-header"
                style="overflow: hidden;"
              >
                <table
                  style="table-layout: fixed; visibility: hidden;"
                >
                  <colgroup />
                  <thead
                    class="ant-table-thead"
                  >
                    <tr>
                      <th
                        class="ant-table-cell"
                        style="text-align: center;"
                      >
                        账单时间
                      </th>
                      <th
                        class="ant-table-cell"
                        style="text-align: center;"
                      >
                        账单类型
                      </th>
                      <th
                        class="ant-table-cell"
                        style="text-align: center;"
                      >
                        <div
                          class="ant-table-filter-column"
                        >
                          <span
                            class="ant-table-filter-column-title"
                          >
                            账单分类
                          </span>
                          <span
                            class="ant-table-filter-trigger-container"
                          >
                            <span
                              class="ant-table-filter-trigger ant-dropdown-trigger"
                              role="button"
                              tabindex="-1"
                            >
                              <span
                                aria-label="filter"
                                class="anticon anticon-filter"
                                role="img"
                              >
                                <svg
                                  aria-hidden="true"
                                  class=""
                                  data-icon="filter"
                                  fill="currentColor"
                                  focusable="false"
                                  height="1em"
                                  viewBox="64 64 896 896"
                                  width="1em"
                                >
                                  <path
                                    d="M349 838c0 17.7 14.2 32 31.8 32h262.4c17.6 0 31.8-14.3 31.8-32V642H349v196zm531.1-684H143.9c-24.5 0-39.8 26.7-27.5 48l221.3 376h348.8l221.3-376c12.1-21.3-3.2-48-27.7-48z"
                                  />
                                </svg>
                              </span>
                            </span>
                          </span>
                        </div>
                      </th>
                      <th
                        class="ant-table-cell"
                        style="text-align: center;"
                      >
                        账单金额(￥)
                      </th>
                    </tr>
                  </thead>
                </table>
              </div>
              <div
                class="ant-table-body"
                style="overflow-y: scroll; max-height: 420px;"
              >
                <table
                  style="table-layout: fixed;"
                >
                  <colgroup />
                  <tbody
                    class="ant-table-tbody"
                  >
                    <tr
                      aria-hidden="true"
                      class="ant-table-measure-row"
                      style="height: 0px;"
                    >
                      <td
                        style="padding: 0px; border: 0px; height: 0px;"
                      />
                      <td
                        style="padding: 0px; border: 0px; height: 0px;"
                      />
                      <td
                        style="padding: 0px; border: 0px; height: 0px;"
                      />
                      <td
                        style="padding: 0px; border: 0px; height: 0px;"
                      />
                    </tr>
                    <tr
                      class="ant-table-row ant-table-row-level-0"
                      data-row-key="0"
                    >
                      <td
                        class="ant-table-cell"
                        style="text-align: center;"
                      >
                        2048-12-12T11:10:20+08:00
                      </td>
                      <td
                        class="ant-table-cell"
                        style="text-align: center;"
                      >
                        收入
                      </td>
                      <td
                        class="ant-table-cell"
                        style="text-align: center;"
                      >
                        cname_1111
                      </td>
                      <td
                        class="ant-table-cell"
                        style="text-align: center;"
                      >
                        -10.00
                      </td>
                    </tr>
                    <tr
                      class="ant-table-row ant-table-row-level-0"
                      data-row-key="1"
                    >
                      <td
                        class="ant-table-cell"
                        style="text-align: center;"
                      >
                        2048-12-12T11:10:20+08:00
                      </td>
                      <td
                        class="ant-table-cell"
                        style="text-align: center;"
                      >
                        支出
                      </td>
                      <td
                        class="ant-table-cell"
                        style="text-align: center;"
                      >
                        cname_2222
                      </td>
                      <td
                        class="ant-table-cell"
                        style="text-align: center;"
                      >
                        10.00
                      </td>
                    </tr>
                    <tr
                      class="ant-table-row ant-table-row-level-0"
                      data-row-key="2"
                    >
                      <td
                        class="ant-table-cell"
                        style="text-align: center;"
                      >
                        2048-12-12T12:10:20+08:00
                      </td>
                      <td
                        class="ant-table-cell"
                        style="text-align: center;"
                      >
                        支出
                      </td>
                      <td
                        class="ant-table-cell"
                        style="text-align: center;"
                      >
                        cname_2222
                      </td>
                      <td
                        class="ant-table-cell"
                        style="text-align: center;"
                      >
                        20.00
                      </td>
                    </tr>
                    <tr
                      class="ant-table-row ant-table-row-level-0"
                      data-row-key="3"
                    >
                      <td
                        class="ant-table-cell"
                        style="text-align: center;"
                      >
                        2048-12-12T13:10:20+08:00
                      </td>
                      <td
                        class="ant-table-cell"
                        style="text-align: center;"
                      >
                        支出
                      </td>
                      <td
                        class="ant-table-cell"
                        style="text-align: center;"
                      >
                        cname_3333
                      </td>
                      <td
                        class="ant-table-cell"
                        style="text-align: center;"
                      >
                        60.00
                      </td>
                    </tr>
                    <tr
                      class="ant-table-row ant-table-row-level-0"
                      data-row-key="4"
                    >
                      <td
                        class="ant-table-cell"
                        style="text-align: center;"
                      >
                        2048-12-12T14:10:20+08:00
                      </td>
                      <td
                        class="ant-table-cell"
                        style="text-align: center;"
                      >
                        支出
                      </td>
                      <td
                        class="ant-table-cell"
                        style="text-align: center;"
                      >
                        cname_3333
                      </td>
                      <td
                        class="ant-table-cell"
                        style="text-align: center;"
                      >
                        40.00
                      </td>
                    </tr>
                  </tbody>
                </table>
              </div>
            </div>
          </div>
        </div>
      </div>
    </div>
  </div>
</DocumentFragment>
`;
