// Jest Snapshot v1, https://goo.gl/fbAQLP

exports[`<OutCategories /> should match snapshot 1`] = `
<DocumentFragment>
  <div>
    <div
      class="ant-divider ant-divider-horizontal ant-divider-with-text ant-divider-with-text-center"
      role="separator"
      style="padding: 0px 80px;"
    >
      <span
        class="ant-divider-inner-text"
      >
        12月账单分类统计
      </span>
    </div>
    <div
      class="ant-table-wrapper"
    >
      <div
        class="ant-spin-nested-loading"
      >
        <div
          class="ant-spin-container"
        >
          <div
            class="ant-table ant-table-fixed-header"
          >
            <div
              class="ant-table-container"
            >
              <div
                class="ant-table-header"
                style="overflow: hidden;"
              >
                <table
                  style="table-layout: fixed; visibility: hidden;"
                >
                  <colgroup />
                  <thead
                    class="ant-table-thead"
                  >
                    <tr>
                      <th
                        class="ant-table-cell"
                        style="text-align: center;"
                      >
                        账单类型
                      </th>
                      <th
                        class="ant-table-cell ant-table-column-sort ant-table-column-has-sorters"
                        style="text-align: center;"
                      >
                        <div
                          class="ant-table-column-sorters-with-tooltip"
                        >
                          <div
                            class="ant-table-column-sorters"
                          >
                            <span>
                              支出金额统计(￥)
                            </span>
                            <span
                              class="ant-table-column-sorter ant-table-column-sorter-full"
                            >
                              <span
                                class="ant-table-column-sorter-inner"
                              >
                                <span
                                  aria-label="caret-up"
                                  class="anticon anticon-caret-up ant-table-column-sorter-up"
                                  role="img"
                                >
                                  <svg
                                    aria-hidden="true"
                                    class=""
                                    data-icon="caret-up"
                                    fill="currentColor"
                                    focusable="false"
                                    height="1em"
                                    viewBox="0 0 1024 1024"
                                    width="1em"
                                  >
                                    <path
                                      d="M858.9 689L530.5 308.2c-9.4-10.9-27.5-10.9-37 0L165.1 689c-12.2 14.2-1.2 35 18.5 35h656.8c19.7 0 30.7-20.8 18.5-35z"
                                    />
                                  </svg>
                                </span>
                                <span
                                  aria-label="caret-down"
                                  class="anticon anticon-caret-down ant-table-column-sorter-down active"
                                  role="img"
                                >
                                  <svg
                                    aria-hidden="true"
                                    class=""
                                    data-icon="caret-down"
                                    fill="currentColor"
                                    focusable="false"
                                    height="1em"
                                    viewBox="0 0 1024 1024"
                                    width="1em"
                                  >
                                    <path
                                      d="M840.4 300H183.6c-19.7 0-30.7 20.8-18.5 35l328.4 380.8c9.4 10.9 27.5 10.9 37 0L858.9 335c12.2-14.2 1.2-35-18.5-35z"
                                    />
                                  </svg>
                                </span>
                              </span>
                            </span>
                          </div>
                        </div>
                      </th>
                    </tr>
                  </thead>
                </table>
              </div>
              <div
                class="ant-table-body"
                style="overflow-y: scroll; max-height: 340px;"
              >
                <table
                  style="table-layout: fixed;"
                >
                  <colgroup />
                  <tbody
                    class="ant-table-tbody"
                  >
                    <tr
                      aria-hidden="true"
                      class="ant-table-measure-row"
                      style="height: 0px;"
                    >
                      <td
                        style="padding: 0px; border: 0px; height: 0px;"
                      />
                      <td
                        style="padding: 0px; border: 0px; height: 0px;"
                      />
                    </tr>
                    <tr
                      class="ant-table-row ant-table-row-level-0"
                      data-row-key="cid_3333"
                    >
                      <td
                        class="ant-table-cell"
                        style="text-align: center;"
                      >
                        cname_3333
                      </td>
                      <td
                        class="ant-table-cell ant-table-column-sort"
                        style="text-align: center;"
                      >
                        100
                      </td>
                    </tr>
                    <tr
                      class="ant-table-row ant-table-row-level-0"
                      data-row-key="cid_2222"
                    >
                      <td
                        class="ant-table-cell"
                        style="text-align: center;"
                      >
                        cname_2222
                      </td>
                      <td
                        class="ant-table-cell ant-table-column-sort"
                        style="text-align: center;"
                      >
                        30
                      </td>
                    </tr>
                  </tbody>
                </table>
              </div>
            </div>
          </div>
        </div>
      </div>
    </div>
  </div>
</DocumentFragment>
`;
